// Jest Snapshot v1, https://goo.gl/fbAQLP

exports[`Component Component with JSXExpressionContainer attribute 1`] = `
"const el = createVNode(\\"div\\", {
  \\"foo\\": createVNode(\\"i\\", null, null),
  \\"bar\\": 1 + 2
}, null);"
`;

exports[`Component Component with JSXSpreadAttribute attribute 1`] = `
"const el = createVNode(Comp, {
  \\"foo\\": \\"1\\",
  ...obj
}, null);"
`;
