// Jest Snapshot v1, https://goo.gl/fbAQLP

exports[`v-bind spread element (mergeProps) 1`] = `
"import { mergeProps, createVNode } from \\"vue\\";
createVNode(\\"p\\", mergeProps({
  \\"a\\": \\"b\\"
}, { ...obj
}, {
  \\"c\\": 1
}));"
`;

exports[`v-bind spread element 1`] = `
"import { createVNode } from \\"vue\\";
createVNode(\\"p\\", ...obj);"
`;
